Archive member included to satisfy reference by file (symbol)

c:/program files (x86)/atollic/truestudio for stm32 9.0.0/armtools/bin/../lib/gcc/arm-atollic-eabi/6.3.1/../../../../arm-atollic-eabi/lib/armv7e-m/fpu\libc_nano.a(lib_a-init.o)
                              startup\startup_stm32f446xx.o (__libc_init_array)
c:/program files (x86)/atollic/truestudio for stm32 9.0.0/armtools/bin/../lib/gcc/arm-atollic-eabi/6.3.1/../../../../arm-atollic-eabi/lib/armv7e-m/fpu\libc_nano.a(lib_a-malloc.o)
                              Middlewares\ST\STM32_USB_Device_Library\Class\HID\Src\usbd_hid.o (malloc)
c:/program files (x86)/atollic/truestudio for stm32 9.0.0/armtools/bin/../lib/gcc/arm-atollic-eabi/6.3.1/../../../../arm-atollic-eabi/lib/armv7e-m/fpu\libc_nano.a(lib_a-nano-freer.o)
                              c:/program files (x86)/atollic/truestudio for stm32 9.0.0/armtools/bin/../lib/gcc/arm-atollic-eabi/6.3.1/../../../../arm-atollic-eabi/lib/armv7e-m/fpu\libc_nano.a(lib_a-malloc.o) (_free_r)
c:/program files (x86)/atollic/truestudio for stm32 9.0.0/armtools/bin/../lib/gcc/arm-atollic-eabi/6.3.1/../../../../arm-atollic-eabi/lib/armv7e-m/fpu\libc_nano.a(lib_a-nano-mallocr.o)
                              c:/program files (x86)/atollic/truestudio for stm32 9.0.0/armtools/bin/../lib/gcc/arm-atollic-eabi/6.3.1/../../../../arm-atollic-eabi/lib/armv7e-m/fpu\libc_nano.a(lib_a-malloc.o) (_malloc_r)
c:/program files (x86)/atollic/truestudio for stm32 9.0.0/armtools/bin/../lib/gcc/arm-atollic-eabi/6.3.1/../../../../arm-atollic-eabi/lib/armv7e-m/fpu\libc_nano.a(lib_a-sbrkr.o)
                              c:/program files (x86)/atollic/truestudio for stm32 9.0.0/armtools/bin/../lib/gcc/arm-atollic-eabi/6.3.1/../../../../arm-atollic-eabi/lib/armv7e-m/fpu\libc_nano.a(lib_a-nano-mallocr.o) (_sbrk_r)
c:/program files (x86)/atollic/truestudio for stm32 9.0.0/armtools/bin/../lib/gcc/arm-atollic-eabi/6.3.1/../../../../arm-atollic-eabi/lib/armv7e-m/fpu\libc_nano.a(lib_a-impure.o)
                              c:/program files (x86)/atollic/truestudio for stm32 9.0.0/armtools/bin/../lib/gcc/arm-atollic-eabi/6.3.1/../../../../arm-atollic-eabi/lib/armv7e-m/fpu\libc_nano.a(lib_a-malloc.o) (_impure_ptr)
c:/program files (x86)/atollic/truestudio for stm32 9.0.0/armtools/bin/../lib/gcc/arm-atollic-eabi/6.3.1/../../../../arm-atollic-eabi/lib/armv7e-m/fpu\libc_nano.a(lib_a-mlock.o)
                              c:/program files (x86)/atollic/truestudio for stm32 9.0.0/armtools/bin/../lib/gcc/arm-atollic-eabi/6.3.1/../../../../arm-atollic-eabi/lib/armv7e-m/fpu\libc_nano.a(lib_a-nano-freer.o) (__malloc_lock)
c:/program files (x86)/atollic/truestudio for stm32 9.0.0/armtools/bin/../lib/gcc/arm-atollic-eabi/6.3.1/../../../../arm-atollic-eabi/lib/armv7e-m/fpu\libc_nano.a(lib_a-reent.o)
                              c:/program files (x86)/atollic/truestudio for stm32 9.0.0/armtools/bin/../lib/gcc/arm-atollic-eabi/6.3.1/../../../../arm-atollic-eabi/lib/armv7e-m/fpu\libc_nano.a(lib_a-sbrkr.o) (errno)
c:/program files (x86)/atollic/truestudio for stm32 9.0.0/armtools/bin/../lib/gcc/arm-atollic-eabi/6.3.1/armv7e-m/fpu\libgcc.a(_aeabi_uldivmod.o)
                              Drivers\STM32F4xx_HAL_Driver\Src\stm32f4xx_hal_rcc.o (__aeabi_uldivmod)
c:/program files (x86)/atollic/truestudio for stm32 9.0.0/armtools/bin/../lib/gcc/arm-atollic-eabi/6.3.1/armv7e-m/fpu\libgcc.a(_udivmoddi4.o)
                              c:/program files (x86)/atollic/truestudio for stm32 9.0.0/armtools/bin/../lib/gcc/arm-atollic-eabi/6.3.1/armv7e-m/fpu\libgcc.a(_aeabi_uldivmod.o) (__udivmoddi4)
c:/program files (x86)/atollic/truestudio for stm32 9.0.0/armtools/bin/../lib/gcc/arm-atollic-eabi/6.3.1/armv7e-m/fpu\libgcc.a(_dvmd_tls.o)
                              c:/program files (x86)/atollic/truestudio for stm32 9.0.0/armtools/bin/../lib/gcc/arm-atollic-eabi/6.3.1/armv7e-m/fpu\libgcc.a(_aeabi_uldivmod.o) (__aeabi_ldiv0)
c:/program files (x86)/atollic/truestudio for stm32 9.0.0/armtools/bin/../lib/gcc/arm-atollic-eabi/6.3.1/../../../../arm-atollic-eabi/lib/armv7e-m/fpu\libnosys.a(sbrk.o)
                              c:/program files (x86)/atollic/truestudio for stm32 9.0.0/armtools/bin/../lib/gcc/arm-atollic-eabi/6.3.1/../../../../arm-atollic-eabi/lib/armv7e-m/fpu\libc_nano.a(lib_a-sbrkr.o) (_sbrk)

Allocating common symbols
Common symbol       size              file

hUsbDeviceFS        0x224             Src\usb_device.o
errno               0x4               c:/program files (x86)/atollic/truestudio for stm32 9.0.0/armtools/bin/../lib/gcc/arm-atollic-eabi/6.3.1/../../../../arm-atollic-eabi/lib/armv7e-m/fpu\libc_nano.a(lib_a-reent.o)
hpcd_USB_OTG_FS     0x3fc             Src\usbd_conf.o
uwTick              0x4               Drivers\STM32F4xx_HAL_Driver\Src\stm32f4xx_hal.o
pFlash              0x20              Drivers\STM32F4xx_HAL_Driver\Src\stm32f4xx_hal_flash.o
buffer              0x8               Src\main.o
USBD_StrDesc        0x200             Src\usbd_desc.o

[...]
Memory Configuration

Name             Origin             Length             Attributes
RAM              0x20000000         0x00020000         xrw
FLASH            0x08000000         0x00080000         xr
*default*        0x00000000         0xffffffff

Linker script and memory map

LOAD c:/program files (x86)/atollic/truestudio for stm32 9.0.0/armtools/bin/../lib/gcc/arm-atollic-eabi/6.3.1/armv7e-m/fpu/crti.o
LOAD c:/program files (x86)/atollic/truestudio for stm32 9.0.0/armtools/bin/../lib/gcc/arm-atollic-eabi/6.3.1/armv7e-m/fpu/crtbegin.o
LOAD Drivers\STM32F4xx_HAL_Driver\Src\stm32f4xx_hal.o
LOAD Drivers\STM32F4xx_HAL_Driver\Src\stm32f4xx_hal_cortex.o
LOAD Drivers\STM32F4xx_HAL_Driver\Src\stm32f4xx_hal_dma.o
LOAD Drivers\STM32F4xx_HAL_Driver\Src\stm32f4xx_hal_dma_ex.o
LOAD Drivers\STM32F4xx_HAL_Driver\Src\stm32f4xx_hal_flash.o
LOAD Drivers\STM32F4xx_HAL_Driver\Src\stm32f4xx_hal_flash_ex.o
LOAD Drivers\STM32F4xx_HAL_Driver\Src\stm32f4xx_hal_flash_ramfunc.o
LOAD Drivers\STM32F4xx_HAL_Driver\Src\stm32f4xx_hal_gpio.o
LOAD Drivers\STM32F4xx_HAL_Driver\Src\stm32f4xx_hal_pcd.o
LOAD Drivers\STM32F4xx_HAL_Driver\Src\stm32f4xx_hal_pcd_ex.o
LOAD Drivers\STM32F4xx_HAL_Driver\Src\stm32f4xx_hal_pwr.o
LOAD Drivers\STM32F4xx_HAL_Driver\Src\stm32f4xx_hal_pwr_ex.o
LOAD Drivers\STM32F4xx_HAL_Driver\Src\stm32f4xx_hal_rcc.o
LOAD Drivers\STM32F4xx_HAL_Driver\Src\stm32f4xx_hal_rcc_ex.o
LOAD Drivers\STM32F4xx_HAL_Driver\Src\stm32f4xx_hal_tim.o
LOAD Drivers\STM32F4xx_HAL_Driver\Src\stm32f4xx_hal_tim_ex.o
LOAD Drivers\STM32F4xx_HAL_Driver\Src\stm32f4xx_ll_usb.o
LOAD Middlewares\ST\STM32_USB_Device_Library\Class\HID\Src\usbd_hid.o
LOAD Middlewares\ST\STM32_USB_Device_Library\Core\Src\usbd_core.o
LOAD Middlewares\ST\STM32_USB_Device_Library\Core\Src\usbd_ctlreq.o
LOAD Middlewares\ST\STM32_USB_Device_Library\Core\Src\usbd_ioreq.o
LOAD Src\main.o
LOAD Src\stm32f4xx_hal_msp.o
LOAD Src\stm32f4xx_it.o
LOAD Src\system_stm32f4xx.o
LOAD Src\usb_device.o
LOAD Src\usbd_conf.o
LOAD Src\usbd_desc.o
LOAD startup\startup_stm32f446xx.o
                0x00000080                malloc_getpagesize_P = 0x80
START GROUP
LOAD c:/program files (x86)/atollic/truestudio for stm32 9.0.0/armtools/bin/../lib/gcc/arm-atollic-eabi/6.3.1/../../../../arm-atollic-eabi/lib/armv7e-m/fpu\libc_nano.a
LOAD c:/program files (x86)/atollic/truestudio for stm32 9.0.0/armtools/bin/../lib/gcc/arm-atollic-eabi/6.3.1/../../../../arm-atollic-eabi/lib/armv7e-m/fpu\libm.a
END GROUP
START GROUP
LOAD c:/program files (x86)/atollic/truestudio for stm32 9.0.0/armtools/bin/../lib/gcc/arm-atollic-eabi/6.3.1/armv7e-m/fpu\libgcc.a
LOAD c:/program files (x86)/atollic/truestudio for stm32 9.0.0/armtools/bin/../lib/gcc/arm-atollic-eabi/6.3.1/../../../../arm-atollic-eabi/lib/armv7e-m/fpu\libc_nano.a
END GROUP
START GROUP
LOAD c:/program files (x86)/atollic/truestudio for stm32 9.0.0/armtools/bin/../lib/gcc/arm-atollic-eabi/6.3.1/armv7e-m/fpu\libgcc.a
LOAD c:/program files (x86)/atollic/truestudio for stm32 9.0.0/armtools/bin/../lib/gcc/arm-atollic-eabi/6.3.1/../../../../arm-atollic-eabi/lib/armv7e-m/fpu\libc_nano.a
LOAD c:/program files (x86)/atollic/truestudio for stm32 9.0.0/armtools/bin/../lib/gcc/arm-atollic-eabi/6.3.1/../../../../arm-atollic-eabi/lib/armv7e-m/fpu\libnosys.a
END GROUP
START GROUP
LOAD c:/program files (x86)/atollic/truestudio for stm32 9.0.0/armtools/bin/../lib/gcc/arm-atollic-eabi/6.3.1/armv7e-m/fpu\libgcc.a
LOAD c:/program files (x86)/atollic/truestudio for stm32 9.0.0/armtools/bin/../lib/gcc/arm-atollic-eabi/6.3.1/../../../../arm-atollic-eabi/lib/armv7e-m/fpu\libc_nano.a
LOAD c:/program files (x86)/atollic/truestudio for stm32 9.0.0/armtools/bin/../lib/gcc/arm-atollic-eabi/6.3.1/../../../../arm-atollic-eabi/lib/armv7e-m/fpu\libnosys.a
END GROUP
LOAD c:/program files (x86)/atollic/truestudio for stm32 9.0.0/armtools/bin/../lib/gcc/arm-atollic-eabi/6.3.1/armv7e-m/fpu/crtend.o
LOAD c:/program files (x86)/atollic/truestudio for stm32 9.0.0/armtools/bin/../lib/gcc/arm-atollic-eabi/6.3.1/armv7e-m/fpu/crtn.o
                0x20020000                _estack = 0x20020000
                0x00000200                _Min_Heap_Size = 0x200
                0x00000400                _Min_Stack_Size = 0x400

.isr_vector     0x08000000      0x1c4
                0x08000000                . = ALIGN (0x4)
 *(.isr_vector)
 .isr_vector    0x08000000      0x1c4 startup\startup_stm32f446xx.o
                0x08000000                g_pfnVectors
                0x080001c4                . = ALIGN (0x4)

.text           0x080001c4     0x3160
                0x080001c4                . = ALIGN (0x4)
 *(.text)
 .text          0x080001c4       0x40 c:/program files (x86)/atollic/truestudio for stm32 9.0.0/armtools/bin/../lib/gcc/arm-atollic-eabi/6.3.1/armv7e-m/fpu/crtbegin.o
 .text          0x08000204       0x30 c:/program files (x86)/atollic/truestudio for stm32 9.0.0/armtools/bin/../lib/gcc/arm-atollic-eabi/6.3.1/armv7e-m/fpu\libgcc.a(_aeabi_uldivmod.o)
                0x08000204                __aeabi_uldivmod
 .text          0x08000234      0x2dc c:/program files (x86)/atollic/truestudio for stm32 9.0.0/armtools/bin/../lib/gcc/arm-atollic-eabi/6.3.1/armv7e-m/fpu\libgcc.a(_udivmoddi4.o)
                0x08000234                __udivmoddi4
 .text          0x08000510        0x4 c:/program files (x86)/atollic/truestudio for stm32 9.0.0/armtools/bin/../lib/gcc/arm-atollic-eabi/6.3.1/armv7e-m/fpu\libgcc.a(_dvmd_tls.o)
                0x08000510                __aeabi_idiv0
                0x08000510                __aeabi_ldiv0
 *(.text*)
 .text.HAL_InitTick
                0x08000514       0x48 Drivers\STM32F4xx_HAL_Driver\Src\stm32f4xx_hal.o
                0x08000514                HAL_InitTick
 .text.HAL_Init
                0x0800055c       0x34 Drivers\STM32F4xx_HAL_Driver\Src\stm32f4xx_hal.o
                0x0800055c                HAL_Init
 .text.HAL_IncTick
                0x08000590       0x18 Drivers\STM32F4xx_HAL_Driver\Src\stm32f4xx_hal.o
                0x08000590                HAL_IncTick
 .text.HAL_GetTick
                0x080005a8        0xc Drivers\STM32F4xx_HAL_Driver\Src\stm32f4xx_hal.o
                0x080005a8                HAL_GetTick
 .text.HAL_Delay
                0x080005b4       0x28 Drivers\STM32F4xx_HAL_Driver\Src\stm32f4xx_hal.o
                0x080005b4                HAL_Delay
 .text.HAL_NVIC_SetPriorityGrouping
                0x080005dc       0x24 Drivers\STM32F4xx_HAL_Driver\Src\stm32f4xx_hal_cortex.o
                0x080005dc                HAL_NVIC_SetPriorityGrouping
 .text.HAL_NVIC_SetPriority
                0x08000600       0x68 Drivers\STM32F4xx_HAL_Driver\Src\stm32f4xx_hal_cortex.o
                0x08000600                HAL_NVIC_SetPriority
 .text.HAL_NVIC_EnableIRQ
                0x08000668       0x18 Drivers\STM32F4xx_HAL_Driver\Src\stm32f4xx_hal_cortex.o
                0x08000668                HAL_NVIC_EnableIRQ
 .text.HAL_SYSTICK_Config
                0x08000680       0x2c Drivers\STM32F4xx_HAL_Driver\Src\stm32f4xx_hal_cortex.o
                0x08000680                HAL_SYSTICK_Config
 .text.HAL_SYSTICK_CLKSourceConfig
                0x080006ac       0x18 Drivers\STM32F4xx_HAL_Driver\Src\stm32f4xx_hal_cortex.o
                0x080006ac                HAL_SYSTICK_CLKSourceConfig
 .text.HAL_SYSTICK_Callback
                0x080006c4        0x2 Drivers\STM32F4xx_HAL_Driver\Src\stm32f4xx_hal_cortex.o
                0x080006c4                HAL_SYSTICK_Callback
 .text.HAL_SYSTICK_IRQHandler
                0x080006c6        0x8 Drivers\STM32F4xx_HAL_Driver\Src\stm32f4xx_hal_cortex.o
                0x080006c6                HAL_SYSTICK_IRQHandler
 *fill*         0x080006ce        0x2 
 .text.HAL_GPIO_Init
                0x080006d0      0x1b4 Drivers\STM32F4xx_HAL_Driver\Src\stm32f4xx_hal_gpio.o
                0x080006d0                HAL_GPIO_Init
 .text.HAL_GPIO_ReadPin
                0x08000884        0xc Drivers\STM32F4xx_HAL_Driver\Src\stm32f4xx_hal_gpio.o
                0x08000884                HAL_GPIO_ReadPin
 .text.HAL_PCD_Init
                0x08000890       0xe4 Drivers\STM32F4xx_HAL_Driver\Src\stm32f4xx_hal_pcd.o
                0x08000890                HAL_PCD_Init
 .text.HAL_PCD_Start
                0x08000974       0x2a Drivers\STM32F4xx_HAL_Driver\Src\stm32f4xx_hal_pcd.o
                0x08000974                HAL_PCD_Start
 *fill*         0x0800099e        0x2 
 .text.HAL_PCD_IRQHandler
                0x080009a0      0x5b8 Drivers\STM32F4xx_HAL_Driver\Src\stm32f4xx_hal_pcd.o
                0x080009a0                HAL_PCD_IRQHandler
 .text.HAL_PCD_SetAddress
                0x08000f58       0x24 Drivers\STM32F4xx_HAL_Driver\Src\stm32f4xx_hal_pcd.o
                0x08000f58                HAL_PCD_SetAddress
 .text.HAL_PCD_EP_Open
                0x08000f7c       0x5c Drivers\STM32F4xx_HAL_Driver\Src\stm32f4xx_hal_pcd.o
                0x08000f7c                HAL_PCD_EP_Open
 .text.HAL_PCD_EP_Close
                0x08000fd8       0x46 Drivers\STM32F4xx_HAL_Driver\Src\stm32f4xx_hal_pcd.o
                0x08000fd8                HAL_PCD_EP_Close
 .text.HAL_PCD_EP_Receive
                0x0800101e       0x48 Drivers\STM32F4xx_HAL_Driver\Src\stm32f4xx_hal_pcd.o
                0x0800101e                HAL_PCD_EP_Receive
 .text.HAL_PCD_EP_Transmit
                0x08001066       0x40 Drivers\STM32F4xx_HAL_Driver\Src\stm32f4xx_hal_pcd.o
                0x08001066                HAL_PCD_EP_Transmit
 .text.HAL_PCD_EP_SetStall
                0x080010a6       0x58 Drivers\STM32F4xx_HAL_Driver\Src\stm32f4xx_hal_pcd.o
                0x080010a6                HAL_PCD_EP_SetStall
 .text.HAL_PCD_EP_ClrStall
                0x080010fe       0x4a Drivers\STM32F4xx_HAL_Driver\Src\stm32f4xx_hal_pcd.o
                0x080010fe                HAL_PCD_EP_ClrStall
 .text.HAL_PCDEx_SetTxFiFo
                0x08001148       0x42 Drivers\STM32F4xx_HAL_Driver\Src\stm32f4xx_hal_pcd_ex.o
                0x08001148                HAL_PCDEx_SetTxFiFo
 .text.HAL_PCDEx_SetRxFiFo
                0x0800118a        0x8 Drivers\STM32F4xx_HAL_Driver\Src\stm32f4xx_hal_pcd_ex.o
                0x0800118a                HAL_PCDEx_SetRxFiFo
 .text.HAL_PCDEx_ActivateLPM
                0x08001192       0x26 Drivers\STM32F4xx_HAL_Driver\Src\stm32f4xx_hal_pcd_ex.o
                0x08001192                HAL_PCDEx_ActivateLPM
 .text.HAL_RCC_ClockConfig
                0x080011b8      0x134 Drivers\STM32F4xx_HAL_Driver\Src\stm32f4xx_hal_rcc.o
                0x080011b8                HAL_RCC_ClockConfig
 .text.HAL_RCC_GetHCLKFreq
                0x080012ec        0xc Drivers\STM32F4xx_HAL_Driver\Src\stm32f4xx_hal_rcc.o
                0x080012ec                HAL_RCC_GetHCLKFreq
 .text.HAL_RCCEx_PeriphCLKConfig
                0x080012f8      0x410 Drivers\STM32F4xx_HAL_Driver\Src\stm32f4xx_hal_rcc_ex.o
                0x080012f8                HAL_RCCEx_PeriphCLKConfig
 .text.HAL_RCC_GetSysClockFreq
                0x08001708       0x90 Drivers\STM32F4xx_HAL_Driver\Src\stm32f4xx_hal_rcc_ex.o
                0x08001708                HAL_RCC_GetSysClockFreq
 .text.HAL_RCC_OscConfig
                0x08001798      0x334 Drivers\STM32F4xx_HAL_Driver\Src\stm32f4xx_hal_rcc_ex.o
                0x08001798                HAL_RCC_OscConfig
 .text.USB_CoreInit
                0x08001acc       0x74 Drivers\STM32F4xx_HAL_Driver\Src\stm32f4xx_ll_usb.o
                0x08001acc                USB_CoreInit
 .text.USB_EnableGlobalInt
                0x08001b40        0xc Drivers\STM32F4xx_HAL_Driver\Src\stm32f4xx_ll_usb.o
                0x08001b40                USB_EnableGlobalInt
 .text.USB_DisableGlobalInt
                0x08001b4c        0xc Drivers\STM32F4xx_HAL_Driver\Src\stm32f4xx_ll_usb.o
                0x08001b4c                USB_DisableGlobalInt
 .text.USB_SetCurrentMode
                0x08001b58       0x2e Drivers\STM32F4xx_HAL_Driver\Src\stm32f4xx_ll_usb.o
                0x08001b58                USB_SetCurrentMode
 *fill*         0x08001b86        0x2 
 .text.USB_DevInit
                0x08001b88      0x148 Drivers\STM32F4xx_HAL_Driver\Src\stm32f4xx_ll_usb.o
                0x08001b88                USB_DevInit
 .text.USB_FlushTxFifo
                0x08001cd0       0x24 Drivers\STM32F4xx_HAL_Driver\Src\stm32f4xx_ll_usb.o
                0x08001cd0                USB_FlushTxFifo
 .text.USB_FlushRxFifo
                0x08001cf4       0x20 Drivers\STM32F4xx_HAL_Driver\Src\stm32f4xx_ll_usb.o
                0x08001cf4                USB_FlushRxFifo
 .text.USB_SetDevSpeed
                0x08001d14        0xe Drivers\STM32F4xx_HAL_Driver\Src\stm32f4xx_ll_usb.o
                0x08001d14                USB_SetDevSpeed
 .text.USB_GetDevSpeed
                0x08001d22       0x36 Drivers\STM32F4xx_HAL_Driver\Src\stm32f4xx_ll_usb.o
                0x08001d22                USB_GetDevSpeed
 .text.USB_ActivateEndpoint
                0x08001d58       0x7e Drivers\STM32F4xx_HAL_Driver\Src\stm32f4xx_ll_usb.o
                0x08001d58                USB_ActivateEndpoint
 .text.USB_DeactivateEndpoint
                0x08001dd6        0x4 Drivers\STM32F4xx_HAL_Driver\Src\stm32f4xx_ll_usb.o
                0x08001dd6                USB_DeactivateEndpoint
 *fill*         0x08001dda        0x2 
 .text.USB_DeactivateDedicatedEndpoint
                0x08001ddc       0xb0 Drivers\STM32F4xx_HAL_Driver\Src\stm32f4xx_ll_usb.o
                0x08001ddc                USB_DeactivateDedicatedEndpoint
 .text.USB_EPStartXfer
                0x08001e8c      0x18c Drivers\STM32F4xx_HAL_Driver\Src\stm32f4xx_ll_usb.o
                0x08001e8c                USB_EPStartXfer
 .text.USB_EP0StartXfer
                0x08002018       0xda Drivers\STM32F4xx_HAL_Driver\Src\stm32f4xx_ll_usb.o
                0x08002018                USB_EP0StartXfer
 .text.USB_WritePacket
                0x080020f2       0x28 Drivers\STM32F4xx_HAL_Driver\Src\stm32f4xx_ll_usb.o
                0x080020f2                USB_WritePacket
 .text.USB_ReadPacket
                0x0800211a       0x1c Drivers\STM32F4xx_HAL_Driver\Src\stm32f4xx_ll_usb.o
                0x0800211a                USB_ReadPacket
 .text.USB_EPSetStall
                0x08002136       0x3e Drivers\STM32F4xx_HAL_Driver\Src\stm32f4xx_ll_usb.o
                0x08002136                USB_EPSetStall
 .text.USB_EPClearStall
                0x08002174       0x32 Drivers\STM32F4xx_HAL_Driver\Src\stm32f4xx_ll_usb.o
                0x08002174                USB_EPClearStall
 .text.USB_SetDevAddress
                0x080021a6       0x20 Drivers\STM32F4xx_HAL_Driver\Src\stm32f4xx_ll_usb.o
                0x080021a6                USB_SetDevAddress
 .text.USB_DevConnect
                0x080021c6       0x18 Drivers\STM32F4xx_HAL_Driver\Src\stm32f4xx_ll_usb.o
                0x080021c6                USB_DevConnect
 .text.USB_DevDisconnect
                0x080021de       0x18 Drivers\STM32F4xx_HAL_Driver\Src\stm32f4xx_ll_usb.o
                0x080021de                USB_DevDisconnect
 .text.USB_ReadInterrupts
                0x080021f6        0x8 Drivers\STM32F4xx_HAL_Driver\Src\stm32f4xx_ll_usb.o
                0x080021f6                USB_ReadInterrupts
 .text.USB_ReadDevAllOutEpInterrupt
                0x080021fe       0x10 Drivers\STM32F4xx_HAL_Driver\Src\stm32f4xx_ll_usb.o
                0x080021fe                USB_ReadDevAllOutEpInterrupt
 .text.USB_ReadDevAllInEpInterrupt
                0x0800220e       0x10 Drivers\STM32F4xx_HAL_Driver\Src\stm32f4xx_ll_usb.o
                0x0800220e                USB_ReadDevAllInEpInterrupt
 .text.USB_ReadDevOutEPInterrupt
                0x0800221e       0x14 Drivers\STM32F4xx_HAL_Driver\Src\stm32f4xx_ll_usb.o
                0x0800221e                USB_ReadDevOutEPInterrupt
 .text.USB_ReadDevInEPInterrupt
                0x08002232       0x20 Drivers\STM32F4xx_HAL_Driver\Src\stm32f4xx_ll_usb.o
                0x08002232                USB_ReadDevInEPInterrupt
 .text.USB_GetMode
                0x08002252        0x8 Drivers\STM32F4xx_HAL_Driver\Src\stm32f4xx_ll_usb.o
                0x08002252                USB_GetMode
 .text.USB_ActivateSetup
                0x0800225a       0x36 Drivers\STM32F4xx_HAL_Driver\Src\stm32f4xx_ll_usb.o
                0x0800225a                USB_ActivateSetup
 .text.USB_EP0_OutStart
                0x08002290       0x46 Drivers\STM32F4xx_HAL_Driver\Src\stm32f4xx_ll_usb.o
                0x08002290                USB_EP0_OutStart
 *fill*         0x080022d6        0x2 
 .text.USB_CoreReset
                0x080022d8       0x30 Drivers\STM32F4xx_HAL_Driver\Src\stm32f4xx_ll_usb.o
 .text.USBD_HID_GetCfgDesc
                0x08002308        0xc Middlewares\ST\STM32_USB_Device_Library\Class\HID\Src\usbd_hid.o
 .text.USBD_HID_DataIn
                0x08002314        0xa Middlewares\ST\STM32_USB_Device_Library\Class\HID\Src\usbd_hid.o
 *fill*         0x0800231e        0x2 
 .text.USBD_HID_GetDeviceQualifierDesc
                0x08002320        0xc Middlewares\ST\STM32_USB_Device_Library\Class\HID\Src\usbd_hid.o
 .text.USBD_HID_Setup
                0x0800232c       0xac Middlewares\ST\STM32_USB_Device_Library\Class\HID\Src\usbd_hid.o
 .text.USBD_HID_DeInit
                0x080023d8       0x1e Middlewares\ST\STM32_USB_Device_Library\Class\HID\Src\usbd_hid.o
 .text.USBD_HID_Init
                0x080023f6       0x26 Middlewares\ST\STM32_USB_Device_Library\Class\HID\Src\usbd_hid.o
 .text.USBD_HID_SendReport
                0x0800241c       0x24 Middlewares\ST\STM32_USB_Device_Library\Class\HID\Src\usbd_hid.o
                0x0800241c                USBD_HID_SendReport
 .text.USBD_Init
                0x08002440       0x2a Middlewares\ST\STM32_USB_Device_Library\Core\Src\usbd_core.o
                0x08002440                USBD_Init
 .text.USBD_RegisterClass
                0x0800246a        0xe Middlewares\ST\STM32_USB_Device_Library\Core\Src\usbd_core.o
                0x0800246a                USBD_RegisterClass
 .text.USBD_Start
                0x08002478        0xa Middlewares\ST\STM32_USB_Device_Library\Core\Src\usbd_core.o
                0x08002478                USBD_Start
 .text.USBD_SetClassConfig
                0x08002482       0x16 Middlewares\ST\STM32_USB_Device_Library\Core\Src\usbd_core.o
                0x08002482                USBD_SetClassConfig
 .text.USBD_ClrClassConfig
                0x08002498        0xe Middlewares\ST\STM32_USB_Device_Library\Core\Src\usbd_core.o
                0x08002498                USBD_ClrClassConfig
 .text.USBD_LL_SetupStage
                0x080024a6       0x5a Middlewares\ST\STM32_USB_Device_Library\Core\Src\usbd_core.o
                0x080024a6                USBD_LL_SetupStage
 .text.USBD_LL_DataOutStage
                0x08002500       0x64 Middlewares\ST\STM32_USB_Device_Library\Core\Src\usbd_core.o
                0x08002500                USBD_LL_DataOutStage
 .text.USBD_LL_DataInStage
                0x08002564       0x9e Middlewares\ST\STM32_USB_Device_Library\Core\Src\usbd_core.o
                0x08002564                USBD_LL_DataInStage
 .text.USBD_LL_Reset
                0x08002602       0x3e Middlewares\ST\STM32_USB_Device_Library\Core\Src\usbd_core.o
                0x08002602                USBD_LL_Reset
 .text.USBD_LL_SetSpeed
                0x08002640        0x6 Middlewares\ST\STM32_USB_Device_Library\Core\Src\usbd_core.o
                0x08002640                USBD_LL_SetSpeed
 .text.USBD_LL_Suspend
                0x08002646       0x12 Middlewares\ST\STM32_USB_Device_Library\Core\Src\usbd_core.o
                0x08002646                USBD_LL_Suspend
 .text.USBD_LL_Resume
                0x08002658        0xc Middlewares\ST\STM32_USB_Device_Library\Core\Src\usbd_core.o
                0x08002658                USBD_LL_Resume
 .text.USBD_LL_SOF
                0x08002664       0x18 Middlewares\ST\STM32_USB_Device_Library\Core\Src\usbd_core.o
                0x08002664                USBD_LL_SOF
 .text.USBD_LL_IsoINIncomplete
                0x0800267c        0x4 Middlewares\ST\STM32_USB_Device_Library\Core\Src\usbd_core.o
                0x0800267c                USBD_LL_IsoINIncomplete
 .text.USBD_LL_IsoOUTIncomplete
                0x08002680        0x4 Middlewares\ST\STM32_USB_Device_Library\Core\Src\usbd_core.o
                0x08002680                USBD_LL_IsoOUTIncomplete
 .text.USBD_LL_DevConnected
                0x08002684        0x4 Middlewares\ST\STM32_USB_Device_Library\Core\Src\usbd_core.o
                0x08002684                USBD_LL_DevConnected
 .text.USBD_LL_DevDisconnected
                0x08002688       0x16 Middlewares\ST\STM32_USB_Device_Library\Core\Src\usbd_core.o
                0x08002688                USBD_LL_DevDisconnected
 .text.USBD_CtlError.constprop.0
                0x0800269e       0x16 Middlewares\ST\STM32_USB_Device_Library\Core\Src\usbd_ctlreq.o
 .text.USBD_StdDevReq
                0x080026b4      0x204 Middlewares\ST\STM32_USB_Device_Library\Core\Src\usbd_ctlreq.o
                0x080026b4                USBD_StdDevReq
 .text.USBD_StdItfReq
                0x080028b8       0x30 Middlewares\ST\STM32_USB_Device_Library\Core\Src\usbd_ctlreq.o
                0x080028b8                USBD_StdItfReq
 .text.USBD_StdEPReq
                0x080028e8       0xc6 Middlewares\ST\STM32_USB_Device_Library\Core\Src\usbd_ctlreq.o
                0x080028e8                USBD_StdEPReq
 .text.USBD_ParseSetupRequest
                0x080029ae       0x28 Middlewares\ST\STM32_USB_Device_Library\Core\Src\usbd_ctlreq.o
                0x080029ae                USBD_ParseSetupRequest
 .text.USBD_CtlError
                0x080029d6       0x16 Middlewares\ST\STM32_USB_Device_Library\Core\Src\usbd_ctlreq.o
                0x080029d6                USBD_CtlError
 .text.USBD_GetString
                0x080029ec       0x38 Middlewares\ST\STM32_USB_Device_Library\Core\Src\usbd_ctlreq.o
                0x080029ec                USBD_GetString
 .text.USBD_CtlSendData
                0x08002a24       0x1a Middlewares\ST\STM32_USB_Device_Library\Core\Src\usbd_ioreq.o
                0x08002a24                USBD_CtlSendData
 .text.USBD_CtlContinueSendData
                0x08002a3e       0x10 Middlewares\ST\STM32_USB_Device_Library\Core\Src\usbd_ioreq.o
                0x08002a3e                USBD_CtlContinueSendData
 .text.USBD_CtlContinueRx
                0x08002a4e       0x10 Middlewares\ST\STM32_USB_Device_Library\Core\Src\usbd_ioreq.o
                0x08002a4e                USBD_CtlContinueRx
 .text.USBD_CtlSendStatus
                0x08002a5e       0x16 Middlewares\ST\STM32_USB_Device_Library\Core\Src\usbd_ioreq.o
                0x08002a5e                USBD_CtlSendStatus
 .text.USBD_CtlReceiveStatus
                0x08002a74       0x16 Middlewares\ST\STM32_USB_Device_Library\Core\Src\usbd_ioreq.o
                0x08002a74                USBD_CtlReceiveStatus
 *fill*         0x08002a8a        0x2 
 .text.SystemClock_Config
                0x08002a8c       0xc4 Src\main.o
                0x08002a8c                SystemClock_Config
 .text.startup.main
                0x08002b50       0xc8 Src\main.o
                0x08002b50                main
 .text._Error_Handler
                0x08002c18        0x2 Src\main.o
                0x08002c18                _Error_Handler
 .text.HAL_MspInit
                0x08002c1a       0x60 Src\stm32f4xx_hal_msp.o
                0x08002c1a                HAL_MspInit
 .text.NMI_Handler
                0x08002c7a        0x2 Src\stm32f4xx_it.o
                0x08002c7a                NMI_Handler
 .text.HardFault_Handler
                0x08002c7c        0x2 Src\stm32f4xx_it.o
                0x08002c7c                HardFault_Handler
 .text.MemManage_Handler
                0x08002c7e        0x2 Src\stm32f4xx_it.o
                0x08002c7e                MemManage_Handler
 .text.BusFault_Handler
                0x08002c80        0x2 Src\stm32f4xx_it.o
                0x08002c80                BusFault_Handler
 .text.UsageFault_Handler
                0x08002c82        0x2 Src\stm32f4xx_it.o
                0x08002c82                UsageFault_Handler
 .text.SVC_Handler
                0x08002c84        0x2 Src\stm32f4xx_it.o
                0x08002c84                SVC_Handler
 .text.DebugMon_Handler
                0x08002c86        0x2 Src\stm32f4xx_it.o
                0x08002c86                DebugMon_Handler
 .text.PendSV_Handler
                0x08002c88        0x2 Src\stm32f4xx_it.o
                0x08002c88                PendSV_Handler
 .text.SysTick_Handler
                0x08002c8a        0xe Src\stm32f4xx_it.o
                0x08002c8a                SysTick_Handler
 .text.OTG_FS_IRQHandler
                0x08002c98        0xc Src\stm32f4xx_it.o
                0x08002c98                OTG_FS_IRQHandler
 .text.SystemInit
                0x08002ca4       0x4c Src\system_stm32f4xx.o
                0x08002ca4                SystemInit
 .text.MX_USB_DEVICE_Init
                0x08002cf0       0x2c Src\usb_device.o
                0x08002cf0                MX_USB_DEVICE_Init
 .text.HAL_PCD_MspInit
                0x08002d1c       0x64 Src\usbd_conf.o
                0x08002d1c                HAL_PCD_MspInit
 .text.HAL_PCD_SetupStageCallback
                0x08002d80        0xc Src\usbd_conf.o
                0x08002d80                HAL_PCD_SetupStageCallback
 .text.HAL_PCD_DataOutStageCallback
                0x08002d8c       0x12 Src\usbd_conf.o
                0x08002d8c                HAL_PCD_DataOutStageCallback
 .text.HAL_PCD_DataInStageCallback
                0x08002d9e       0x10 Src\usbd_conf.o
                0x08002d9e                HAL_PCD_DataInStageCallback
 .text.HAL_PCD_SOFCallback
                0x08002dae        0x8 Src\usbd_conf.o
                0x08002dae                HAL_PCD_SOFCallback
 .text.HAL_PCD_ResetCallback
                0x08002db6       0x20 Src\usbd_conf.o
                0x08002db6                HAL_PCD_ResetCallback
 *fill*         0x08002dd6        0x2 
 .text.HAL_PCD_SuspendCallback
                0x08002dd8       0x30 Src\usbd_conf.o
                0x08002dd8                HAL_PCD_SuspendCallback
 .text.HAL_PCD_ResumeCallback
                0x08002e08        0x8 Src\usbd_conf.o
                0x08002e08                HAL_PCD_ResumeCallback
 .text.HAL_PCD_ISOOUTIncompleteCallback
                0x08002e10        0x8 Src\usbd_conf.o
                0x08002e10                HAL_PCD_ISOOUTIncompleteCallback
 .text.HAL_PCD_ISOINIncompleteCallback
                0x08002e18        0x8 Src\usbd_conf.o
                0x08002e18                HAL_PCD_ISOINIncompleteCallback
 .text.HAL_PCD_ConnectCallback
                0x08002e20        0x8 Src\usbd_conf.o
                0x08002e20                HAL_PCD_ConnectCallback
 .text.HAL_PCD_DisconnectCallback
                0x08002e28        0x8 Src\usbd_conf.o
                0x08002e28                HAL_PCD_DisconnectCallback
 .text.USBD_LL_Init
                0x08002e30       0x68 Src\usbd_conf.o
                0x08002e30                USBD_LL_Init
 .text.USBD_LL_Start
                0x08002e98       0x1c Src\usbd_conf.o
                0x08002e98                USBD_LL_Start
 .text.USBD_LL_OpenEP
                0x08002eb4       0x20 Src\usbd_conf.o
                0x08002eb4                USBD_LL_OpenEP
 .text.USBD_LL_CloseEP
                0x08002ed4       0x1c Src\usbd_conf.o
                0x08002ed4                USBD_LL_CloseEP
 .text.USBD_LL_StallEP
                0x08002ef0       0x1c Src\usbd_conf.o
                0x08002ef0                USBD_LL_StallEP
 .text.USBD_LL_ClearStallEP
                0x08002f0c       0x1c Src\usbd_conf.o
                0x08002f0c                USBD_LL_ClearStallEP
 .text.USBD_LL_IsStallEP
                0x08002f28       0x26 Src\usbd_conf.o
                0x08002f28                USBD_LL_IsStallEP
 *fill*         0x08002f4e        0x2 
 .text.USBD_LL_SetUSBAddress
                0x08002f50       0x1c Src\usbd_conf.o
                0x08002f50                USBD_LL_SetUSBAddress
 .text.USBD_LL_Transmit
                0x08002f6c       0x1c Src\usbd_conf.o
                0x08002f6c                USBD_LL_Transmit
 .text.USBD_LL_PrepareReceive
                0x08002f88       0x1c Src\usbd_conf.o
                0x08002f88                USBD_LL_PrepareReceive
 .text.HAL_PCDEx_LPM_Callback
                0x08002fa4       0x64 Src\usbd_conf.o
                0x08002fa4                HAL_PCDEx_LPM_Callback
 .text.USBD_FS_DeviceDescriptor
                0x08003008        0xc Src\usbd_desc.o
                0x08003008                USBD_FS_DeviceDescriptor
 .text.USBD_FS_LangIDStrDescriptor
                0x08003014        0xc Src\usbd_desc.o
                0x08003014                USBD_FS_LangIDStrDescriptor
 .text.USBD_FS_USR_BOSDescriptor
                0x08003020        0xc Src\usbd_desc.o
                0x08003020                USBD_FS_USR_BOSDescriptor
 .text.USBD_FS_ManufacturerStrDescriptor
                0x0800302c       0x1c Src\usbd_desc.o
                0x0800302c                USBD_FS_ManufacturerStrDescriptor
 .text.USBD_FS_ProductStrDescriptor
                0x08003048       0x1c Src\usbd_desc.o
                0x08003048                USBD_FS_ProductStrDescriptor
 .text.USBD_FS_SerialStrDescriptor
                0x08003064       0x1c Src\usbd_desc.o
                0x08003064                USBD_FS_SerialStrDescriptor
 .text.USBD_FS_ConfigStrDescriptor
                0x08003080       0x1c Src\usbd_desc.o
                0x08003080                USBD_FS_ConfigStrDescriptor
 .text.USBD_FS_InterfaceStrDescriptor
                0x0800309c       0x1c Src\usbd_desc.o
                0x0800309c                USBD_FS_InterfaceStrDescriptor
 .text.Reset_Handler
                0x080030b8       0x50 startup\startup_stm32f446xx.o
                0x080030b8                Reset_Handler
 .text.Default_Handler
                0x08003108        0x2 startup\startup_stm32f446xx.o
                0x08003108                RTC_Alarm_IRQHandler
                0x08003108                EXTI2_IRQHandler
                0x08003108                TIM8_CC_IRQHandler
                0x08003108                SPI4_IRQHandler
                0x08003108                TIM1_CC_IRQHandler
                0x08003108                DMA2_Stream5_IRQHandler
                0x08003108                DMA1_Stream5_IRQHandler
                0x08003108                PVD_IRQHandler
                0x08003108                SDIO_IRQHandler
                0x08003108                TAMP_STAMP_IRQHandler
                0x08003108                CAN2_RX1_IRQHandler
                0x08003108                EXTI3_IRQHandler
                0x08003108                TIM8_TRG_COM_TIM14_IRQHandler
                0x08003108                TIM1_UP_TIM10_IRQHandler
                0x08003108                TIM8_UP_TIM13_IRQHandler
                0x08003108                I2C3_ER_IRQHandler
                0x08003108                FMPI2C1_Event_IRQHandler
                0x08003108                EXTI0_IRQHandler
                0x08003108                I2C2_EV_IRQHandler
                0x08003108                DMA1_Stream2_IRQHandler
                0x08003108                CAN1_RX0_IRQHandler
                0x08003108                FPU_IRQHandler
                0x08003108                OTG_HS_WKUP_IRQHandler
                0x08003108                CAN2_SCE_IRQHandler
                0x08003108                DMA2_Stream2_IRQHandler
                0x08003108                SPI1_IRQHandler
                0x08003108                TIM6_DAC_IRQHandler
                0x08003108                TIM1_BRK_TIM9_IRQHandler
                0x08003108                DCMI_IRQHandler
                0x08003108                CAN2_RX0_IRQHandler
                0x08003108                DMA2_Stream3_IRQHandler
                0x08003108                SAI2_IRQHandler
                0x08003108                USART6_IRQHandler
                0x08003108                USART3_IRQHandler
                0x08003108                CAN1_RX1_IRQHandler
                0x08003108                UART5_IRQHandler
                0x08003108                DMA2_Stream0_IRQHandler
                0x08003108                TIM4_IRQHandler
                0x08003108                QUADSPI_IRQHandler
                0x08003108                I2C1_EV_IRQHandler
                0x08003108                DMA1_Stream6_IRQHandler
                0x08003108                DMA1_Stream1_IRQHandler
                0x08003108                UART4_IRQHandler
                0x08003108                TIM3_IRQHandler
                0x08003108                RCC_IRQHandler
                0x08003108                TIM8_BRK_TIM12_IRQHandler
                0x08003108                Default_Handler
                0x08003108                CEC_IRQHandler
                0x08003108                EXTI15_10_IRQHandler
                0x08003108                ADC_IRQHandler
                0x08003108                DMA1_Stream7_IRQHandler
                0x08003108                TIM7_IRQHandler
                0x08003108                CAN2_TX_IRQHandler
                0x08003108                TIM5_IRQHandler
                0x08003108                DMA2_Stream7_IRQHandler
                0x08003108                I2C3_EV_IRQHandler
                0x08003108                EXTI9_5_IRQHandler
                0x08003108                RTC_WKUP_IRQHandler
                0x08003108                SPDIF_RX_IRQHandler
                0x08003108                SPI2_IRQHandler
                0x08003108                OTG_HS_EP1_IN_IRQHandler
                0x08003108                DMA1_Stream0_IRQHandler
                0x08003108                CAN1_TX_IRQHandler
                0x08003108                EXTI4_IRQHandler
                0x08003108                OTG_HS_EP1_OUT_IRQHandler
                0x08003108                WWDG_IRQHandler
                0x08003108                TIM2_IRQHandler
                0x08003108                OTG_FS_WKUP_IRQHandler
                0x08003108                TIM1_TRG_COM_TIM11_IRQHandler
                0x08003108                OTG_HS_IRQHandler
                0x08003108                EXTI1_IRQHandler
                0x08003108                USART2_IRQHandler
                0x08003108                I2C2_ER_IRQHandler
                0x08003108                DMA2_Stream1_IRQHandler
                0x08003108                CAN1_SCE_IRQHandler
                0x08003108                FLASH_IRQHandler
                0x08003108                DMA2_Stream4_IRQHandler
                0x08003108                USART1_IRQHandler
                0x08003108                SPI3_IRQHandler
                0x08003108                DMA1_Stream4_IRQHandler
                0x08003108                I2C1_ER_IRQHandler
                0x08003108                FMC_IRQHandler
                0x08003108                DMA2_Stream6_IRQHandler
                0x08003108                SAI1_IRQHandler
                0x08003108                DMA1_Stream3_IRQHandler
                0x08003108                FMPI2C1_Error_IRQHandler
 *fill*         0x0800310a        0x2 
 .text.__libc_init_array
                0x0800310c       0x48 c:/program files (x86)/atollic/truestudio for stm32 9.0.0/armtools/bin/../lib/gcc/arm-atollic-eabi/6.3.1/../../../../arm-atollic-eabi/lib/armv7e-m/fpu\libc_nano.a(lib_a-init.o)
                0x0800310c                __libc_init_array
 .text.malloc   0x08003154       0x10 c:/program files (x86)/atollic/truestudio for stm32 9.0.0/armtools/bin/../lib/gcc/arm-atollic-eabi/6.3.1/../../../../arm-atollic-eabi/lib/armv7e-m/fpu\libc_nano.a(lib_a-malloc.o)
                0x08003154                malloc
 .text.free     0x08003164       0x10 c:/program files (x86)/atollic/truestudio for stm32 9.0.0/armtools/bin/../lib/gcc/arm-atollic-eabi/6.3.1/../../../../arm-atollic-eabi/lib/armv7e-m/fpu\libc_nano.a(lib_a-malloc.o)
                0x08003164                free
 .text._free_r  0x08003174       0x9c c:/program files (x86)/atollic/truestudio for stm32 9.0.0/armtools/bin/../lib/gcc/arm-atollic-eabi/6.3.1/../../../../arm-atollic-eabi/lib/armv7e-m/fpu\libc_nano.a(lib_a-nano-freer.o)
                0x08003174                _free_r
 .text._malloc_r
                0x08003210       0xbc c:/program files (x86)/atollic/truestudio for stm32 9.0.0/armtools/bin/../lib/gcc/arm-atollic-eabi/6.3.1/../../../../arm-atollic-eabi/lib/armv7e-m/fpu\libc_nano.a(lib_a-nano-mallocr.o)
                0x08003210                _malloc_r
 .text._sbrk_r  0x080032cc       0x20 c:/program files (x86)/atollic/truestudio for stm32 9.0.0/armtools/bin/../lib/gcc/arm-atollic-eabi/6.3.1/../../../../arm-atollic-eabi/lib/armv7e-m/fpu\libc_nano.a(lib_a-sbrkr.o)
                0x080032cc                _sbrk_r
 .text.__malloc_lock
                0x080032ec        0x2 c:/program files (x86)/atollic/truestudio for stm32 9.0.0/armtools/bin/../lib/gcc/arm-atollic-eabi/6.3.1/../../../../arm-atollic-eabi/lib/armv7e-m/fpu\libc_nano.a(lib_a-mlock.o)
                0x080032ec                __malloc_lock
 .text.__malloc_unlock
                0x080032ee        0x2 c:/program files (x86)/atollic/truestudio for stm32 9.0.0/armtools/bin/../lib/gcc/arm-atollic-eabi/6.3.1/../../../../arm-atollic-eabi/lib/armv7e-m/fpu\libc_nano.a(lib_a-mlock.o)
                0x080032ee                __malloc_unlock
 .text._sbrk    0x080032f0       0x1c c:/program files (x86)/atollic/truestudio for stm32 9.0.0/armtools/bin/../lib/gcc/arm-atollic-eabi/6.3.1/../../../../arm-atollic-eabi/lib/armv7e-m/fpu\libnosys.a(sbrk.o)
                0x080032f0                _sbrk
 *(.glue_7)
 .glue_7        0x0800330c        0x0 linker stubs
 *(.glue_7t)
 .glue_7t       0x0800330c        0x0 linker stubs
 *(.eh_frame)
 .eh_frame      0x0800330c        0x0 c:/program files (x86)/atollic/truestudio for stm32 9.0.0/armtools/bin/../lib/gcc/arm-atollic-eabi/6.3.1/armv7e-m/fpu/crtbegin.o
 *(.init)
 .init          0x0800330c        0x4 c:/program files (x86)/atollic/truestudio for stm32 9.0.0/armtools/bin/../lib/gcc/arm-atollic-eabi/6.3.1/armv7e-m/fpu/crti.o
                0x0800330c                _init
 .init          0x08003310        0x8 c:/program files (x86)/atollic/truestudio for stm32 9.0.0/armtools/bin/../lib/gcc/arm-atollic-eabi/6.3.1/armv7e-m/fpu/crtn.o
 *(.fini)
 .fini          0x08003318        0x4 c:/program files (x86)/atollic/truestudio for stm32 9.0.0/armtools/bin/../lib/gcc/arm-atollic-eabi/6.3.1/armv7e-m/fpu/crti.o
                0x08003318                _fini
 .fini          0x0800331c        0x8 c:/program files (x86)/atollic/truestudio for stm32 9.0.0/armtools/bin/../lib/gcc/arm-atollic-eabi/6.3.1/armv7e-m/fpu/crtn.o
                0x08003324                . = ALIGN (0x4)
                0x08003324                _etext = .

.vfp11_veneer   0x08003324        0x0
 .vfp11_veneer  0x08003324        0x0 linker stubs

.v4_bx          0x08003324        0x0
 .v4_bx         0x08003324        0x0 linker stubs

.iplt           0x08003324        0x0
 .iplt          0x08003324        0x0 c:/program files (x86)/atollic/truestudio for stm32 9.0.0/armtools/bin/../lib/gcc/arm-atollic-eabi/6.3.1/armv7e-m/fpu/crtbegin.o

.rodata         0x08003324       0x78
                0x08003324                . = ALIGN (0x4)
 *(.rodata)
 *(.rodata*)
 .rodata.AHBPrescTable
                0x08003324       0x10 Src\system_stm32f4xx.o
                0x08003324                AHBPrescTable
 .rodata.CSWTCH.39
                0x08003334        0x4 Src\usbd_conf.o
 .rodata.USBD_LL_Init.str1.1
                0x08003338       0x13 Src\usbd_conf.o
 .rodata.USBD_FS_ConfigStrDescriptor.str1.1
                0x0800334b        0xb Src\usbd_desc.o
 .rodata.USBD_FS_InterfaceStrDescriptor.str1.1
                0x08003356        0xe Src\usbd_desc.o
 .rodata.USBD_FS_ManufacturerStrDescriptor.str1.1
                0x08003364       0x13 Src\usbd_desc.o
 .rodata.USBD_FS_ProductStrDescriptor.str1.1
                0x08003377       0x16 Src\usbd_desc.o
 .rodata.USBD_FS_SerialStrDescriptor.str1.1
                0x0800338d        0xd Src\usbd_desc.o
                0x0800339c                . = ALIGN (0x4)
 *fill*         0x0800339a        0x2 

.ARM.extab
 *(.ARM.extab* .gnu.linkonce.armextab.*)

.ARM            0x0800339c        0x8
                0x0800339c                __exidx_start = .
 *(.ARM.exidx*)
 .ARM.exidx     0x0800339c        0x8 c:/program files (x86)/atollic/truestudio for stm32 9.0.0/armtools/bin/../lib/gcc/arm-atollic-eabi/6.3.1/armv7e-m/fpu\libgcc.a(_udivmoddi4.o)
                0x080033a4                __exidx_end = .

.rel.dyn        0x080033a4        0x0
 .rel.iplt      0x080033a4        0x0 c:/program files (x86)/atollic/truestudio for stm32 9.0.0/armtools/bin/../lib/gcc/arm-atollic-eabi/6.3.1/armv7e-m/fpu/crtbegin.o

.preinit_array  0x080033a4        0x0
                0x080033a4                PROVIDE (__preinit_array_start, .)
 *(.preinit_array*)
                0x080033a4                PROVIDE (__preinit_array_end, .)

.init_array     0x080033a4        0x4
                0x080033a4                PROVIDE (__init_array_start, .)
 *(SORT(.init_array.*))
 *(.init_array*)
 .init_array    0x080033a4        0x4 c:/program files (x86)/atollic/truestudio for stm32 9.0.0/armtools/bin/../lib/gcc/arm-atollic-eabi/6.3.1/armv7e-m/fpu/crtbegin.o
                0x080033a8                PROVIDE (__init_array_end, .)

.fini_array     0x080033a8        0x4
                [!provide]                PROVIDE (__fini_array_start, .)
 *(SORT(.fini_array.*))
 *(.fini_array*)
 .fini_array    0x080033a8        0x4 c:/program files (x86)/atollic/truestudio for stm32 9.0.0/armtools/bin/../lib/gcc/arm-atollic-eabi/6.3.1/armv7e-m/fpu/crtbegin.o
                [!provide]                PROVIDE (__fini_array_end, .)
                0x080033ac                _sidata = LOADADDR (.data)

.data           0x20000000      0x1e4 load address 0x080033ac
                0x20000000                . = ALIGN (0x4)
                0x20000000                _sdata = .
 *(.data)
 *(.data*)
 .data.uwTickFreq
                0x20000000        0x1 Drivers\STM32F4xx_HAL_Driver\Src\stm32f4xx_hal.o
                0x20000000                uwTickFreq
 *fill*         0x20000001        0x3 
 .data.uwTickPrio
                0x20000004        0x4 Drivers\STM32F4xx_HAL_Driver\Src\stm32f4xx_hal.o
                0x20000004                uwTickPrio
 .data.HID_MOUSE_ReportDesc
                0x20000008       0xbb Middlewares\ST\STM32_USB_Device_Library\Class\HID\Src\usbd_hid.o
 *fill*         0x200000c3        0x1 
 .data.USBD_HID
                0x200000c4       0x38 Middlewares\ST\STM32_USB_Device_Library\Class\HID\Src\usbd_hid.o
                0x200000c4                USBD_HID
 .data.USBD_HID_CfgDesc
                0x200000fc       0x22 Middlewares\ST\STM32_USB_Device_Library\Class\HID\Src\usbd_hid.o
 *fill*         0x2000011e        0x2 
 .data.USBD_HID_Desc
                0x20000120        0x9 Middlewares\ST\STM32_USB_Device_Library\Class\HID\Src\usbd_hid.o
 *fill*         0x20000129        0x3 
 .data.USBD_HID_DeviceQualifierDesc
                0x2000012c        0xa Middlewares\ST\STM32_USB_Device_Library\Class\HID\Src\usbd_hid.o
 *fill*         0x20000136        0x2 
 .data.SystemCoreClock
                0x20000138        0x4 Src\system_stm32f4xx.o
                0x20000138                SystemCoreClock
 .data.FS_Desc  0x2000013c       0x20 Src\usbd_desc.o
                0x2000013c                FS_Desc
 .data.USBD_FS_BOSDesc
                0x2000015c        0xc Src\usbd_desc.o
                0x2000015c                USBD_FS_BOSDesc
 .data.USBD_FS_DeviceDesc
                0x20000168       0x12 Src\usbd_desc.o
                0x20000168                USBD_FS_DeviceDesc
 *fill*         0x2000017a        0x2 
 .data.USBD_LangIDDesc
                0x2000017c        0x4 Src\usbd_desc.o
                0x2000017c                USBD_LangIDDesc
 .data._impure_ptr
                0x20000180        0x4 c:/program files (x86)/atollic/truestudio for stm32 9.0.0/armtools/bin/../lib/gcc/arm-atollic-eabi/6.3.1/../../../../arm-atollic-eabi/lib/armv7e-m/fpu\libc_nano.a(lib_a-impure.o)
                0x20000180                _impure_ptr
 .data.impure_data
                0x20000184       0x60 c:/program files (x86)/atollic/truestudio for stm32 9.0.0/armtools/bin/../lib/gcc/arm-atollic-eabi/6.3.1/../../../../arm-atollic-eabi/lib/armv7e-m/fpu\libc_nano.a(lib_a-impure.o)
                0x200001e4                . = ALIGN (0x4)
                0x200001e4                _edata = .

.igot.plt       0x200001e4        0x0 load address 0x08003590
 .igot.plt      0x200001e4        0x0 c:/program files (x86)/atollic/truestudio for stm32 9.0.0/armtools/bin/../lib/gcc/arm-atollic-eabi/6.3.1/armv7e-m/fpu/crtbegin.o
                0x200001e4                . = ALIGN (0x4)

.bss            0x200001e4      0x85c load address 0x08003590
                0x200001e4                _sbss = .
                0x200001e4                __bss_start__ = _sbss
 *(.bss)
 .bss           0x200001e4       0x1c c:/program files (x86)/atollic/truestudio for stm32 9.0.0/armtools/bin/../lib/gcc/arm-atollic-eabi/6.3.1/armv7e-m/fpu/crtbegin.o
 *(.bss*)
 .bss.cfgidx.9433
                0x20000200        0x1 Middlewares\ST\STM32_USB_Device_Library\Core\Src\usbd_ctlreq.o
 *fill*         0x20000201        0x3 
 .bss.__malloc_free_list
                0x20000204        0x4 c:/program files (x86)/atollic/truestudio for stm32 9.0.0/armtools/bin/../lib/gcc/arm-atollic-eabi/6.3.1/../../../../arm-atollic-eabi/lib/armv7e-m/fpu\libc_nano.a(lib_a-nano-mallocr.o)
                0x20000204                __malloc_free_list
 .bss.__malloc_sbrk_start
                0x20000208        0x4 c:/program files (x86)/atollic/truestudio for stm32 9.0.0/armtools/bin/../lib/gcc/arm-atollic-eabi/6.3.1/../../../../arm-atollic-eabi/lib/armv7e-m/fpu\libc_nano.a(lib_a-nano-mallocr.o)
                0x20000208                __malloc_sbrk_start
 .bss.heap_end.5239
                0x2000020c        0x4 c:/program files (x86)/atollic/truestudio for stm32 9.0.0/armtools/bin/../lib/gcc/arm-atollic-eabi/6.3.1/../../../../arm-atollic-eabi/lib/armv7e-m/fpu\libnosys.a(sbrk.o)
 *(COMMON)
 COMMON         0x20000210        0x4 Drivers\STM32F4xx_HAL_Driver\Src\stm32f4xx_hal.o
                0x20000210                uwTick
 COMMON         0x20000214        0x8 Src\main.o
                0x20000214                buffer
 COMMON         0x2000021c      0x224 Src\usb_device.o
                0x2000021c                hUsbDeviceFS
 COMMON         0x20000440      0x3fc Src\usbd_conf.o
                0x20000440                hpcd_USB_OTG_FS
 COMMON         0x2000083c      0x200 Src\usbd_desc.o
                0x2000083c                USBD_StrDesc
 COMMON         0x20000a3c        0x4 c:/program files (x86)/atollic/truestudio for stm32 9.0.0/armtools/bin/../lib/gcc/arm-atollic-eabi/6.3.1/../../../../arm-atollic-eabi/lib/armv7e-m/fpu\libc_nano.a(lib_a-reent.o)
                0x20000a3c                errno
                0x20000a40                . = ALIGN (0x4)
                0x20000a40                _ebss = .
                0x20000a40                __bss_end__ = _ebss

._user_heap_stack
                0x20000a40      0x600 load address 0x08003590
                0x20000a40                . = ALIGN (0x4)
                0x20000a40                PROVIDE (end, .)
                [!provide]                PROVIDE (_end, .)
                0x20000c40                . = (. + _Min_Heap_Size)
 *fill*         0x20000a40      0x200 
                0x20001040                . = (. + _Min_Stack_Size)
 *fill*         0x20000c40      0x400 
                0x20001040                . = ALIGN (0x4)

/DISCARD/
 libc.a(*)
 libm.a(*)
 libgcc.a(*)

.ARM.attributes
                0x00000000       0x30
 *(.ARM.attributes)
 .ARM.attributes
                0x00000000       0x22 c:/program files (x86)/atollic/truestudio for stm32 9.0.0/armtools/bin/../lib/gcc/arm-atollic-eabi/6.3.1/armv7e-m/fpu/crti.o
 .ARM.attributes
                0x00000022       0x34 c:/program files (x86)/atollic/truestudio for stm32 9.0.0/armtools/bin/../lib/gcc/arm-atollic-eabi/6.3.1/armv7e-m/fpu/crtbegin.o
 .ARM.attributes
                0x00000056       0x39 Drivers\STM32F4xx_HAL_Driver\Src\stm32f4xx_hal.o
 .ARM.attributes
                0x0000008f       0x39 Drivers\STM32F4xx_HAL_Driver\Src\stm32f4xx_hal_cortex.o
 .ARM.attributes
                0x000000c8       0x39 Drivers\STM32F4xx_HAL_Driver\Src\stm32f4xx_hal_gpio.o
 .ARM.attributes
                0x00000101       0x39 Drivers\STM32F4xx_HAL_Driver\Src\stm32f4xx_hal_pcd.o
 .ARM.attributes
                0x0000013a       0x39 Drivers\STM32F4xx_HAL_Driver\Src\stm32f4xx_hal_pcd_ex.o
 .ARM.attributes
                0x00000173       0x39 Drivers\STM32F4xx_HAL_Driver\Src\stm32f4xx_hal_rcc.o
 .ARM.attributes
                0x000001ac       0x39 Drivers\STM32F4xx_HAL_Driver\Src\stm32f4xx_hal_rcc_ex.o
 .ARM.attributes
                0x000001e5       0x39 Drivers\STM32F4xx_HAL_Driver\Src\stm32f4xx_ll_usb.o
 .ARM.attributes
                0x0000021e       0x39 Middlewares\ST\STM32_USB_Device_Library\Class\HID\Src\usbd_hid.o
 .ARM.attributes
                0x00000257       0x39 Middlewares\ST\STM32_USB_Device_Library\Core\Src\usbd_core.o
 .ARM.attributes
                0x00000290       0x39 Middlewares\ST\STM32_USB_Device_Library\Core\Src\usbd_ctlreq.o
 .ARM.attributes
                0x000002c9       0x39 Middlewares\ST\STM32_USB_Device_Library\Core\Src\usbd_ioreq.o
 .ARM.attributes
                0x00000302       0x39 Src\main.o
 .ARM.attributes
                0x0000033b       0x39 Src\stm32f4xx_hal_msp.o
 .ARM.attributes
                0x00000374       0x39 Src\stm32f4xx_it.o
 .ARM.attributes
                0x000003ad       0x39 Src\system_stm32f4xx.o
 .ARM.attributes
                0x000003e6       0x39 Src\usb_device.o
 .ARM.attributes
                0x0000041f       0x39 Src\usbd_conf.o
 .ARM.attributes
                0x00000458       0x39 Src\usbd_desc.o
 .ARM.attributes
                0x00000491       0x21 startup\startup_stm32f446xx.o
 .ARM.attributes
                0x000004b2       0x34 c:/program files (x86)/atollic/truestudio for stm32 9.0.0/armtools/bin/../lib/gcc/arm-atollic-eabi/6.3.1/../../../../arm-atollic-eabi/lib/armv7e-m/fpu\libc_nano.a(lib_a-init.o)
 .ARM.attributes
                0x000004e6       0x34 c:/program files (x86)/atollic/truestudio for stm32 9.0.0/armtools/bin/../lib/gcc/arm-atollic-eabi/6.3.1/../../../../arm-atollic-eabi/lib/armv7e-m/fpu\libc_nano.a(lib_a-malloc.o)
 .ARM.attributes
                0x0000051a       0x34 c:/program files (x86)/atollic/truestudio for stm32 9.0.0/armtools/bin/../lib/gcc/arm-atollic-eabi/6.3.1/../../../../arm-atollic-eabi/lib/armv7e-m/fpu\libc_nano.a(lib_a-nano-freer.o)
 .ARM.attributes
                0x0000054e       0x34 c:/program files (x86)/atollic/truestudio for stm32 9.0.0/armtools/bin/../lib/gcc/arm-atollic-eabi/6.3.1/../../../../arm-atollic-eabi/lib/armv7e-m/fpu\libc_nano.a(lib_a-nano-mallocr.o)
 .ARM.attributes
                0x00000582       0x34 c:/program files (x86)/atollic/truestudio for stm32 9.0.0/armtools/bin/../lib/gcc/arm-atollic-eabi/6.3.1/../../../../arm-atollic-eabi/lib/armv7e-m/fpu\libc_nano.a(lib_a-sbrkr.o)
 .ARM.attributes
                0x000005b6       0x34 c:/program files (x86)/atollic/truestudio for stm32 9.0.0/armtools/bin/../lib/gcc/arm-atollic-eabi/6.3.1/../../../../arm-atollic-eabi/lib/armv7e-m/fpu\libc_nano.a(lib_a-impure.o)
 .ARM.attributes
                0x000005ea       0x34 c:/program files (x86)/atollic/truestudio for stm32 9.0.0/armtools/bin/../lib/gcc/arm-atollic-eabi/6.3.1/../../../../arm-atollic-eabi/lib/armv7e-m/fpu\libc_nano.a(lib_a-mlock.o)
 .ARM.attributes
                0x0000061e       0x34 c:/program files (x86)/atollic/truestudio for stm32 9.0.0/armtools/bin/../lib/gcc/arm-atollic-eabi/6.3.1/../../../../arm-atollic-eabi/lib/armv7e-m/fpu\libc_nano.a(lib_a-reent.o)
 .ARM.attributes
                0x00000652       0x22 c:/program files (x86)/atollic/truestudio for stm32 9.0.0/armtools/bin/../lib/gcc/arm-atollic-eabi/6.3.1/armv7e-m/fpu\libgcc.a(_aeabi_uldivmod.o)
 .ARM.attributes
                0x00000674       0x34 c:/program files (x86)/atollic/truestudio for stm32 9.0.0/armtools/bin/../lib/gcc/arm-atollic-eabi/6.3.1/armv7e-m/fpu\libgcc.a(_udivmoddi4.o)
 .ARM.attributes
                0x000006a8       0x22 c:/program files (x86)/atollic/truestudio for stm32 9.0.0/armtools/bin/../lib/gcc/arm-atollic-eabi/6.3.1/armv7e-m/fpu\libgcc.a(_dvmd_tls.o)
 .ARM.attributes
                0x000006ca       0x34 c:/program files (x86)/atollic/truestudio for stm32 9.0.0/armtools/bin/../lib/gcc/arm-atollic-eabi/6.3.1/../../../../arm-atollic-eabi/lib/armv7e-m/fpu\libnosys.a(sbrk.o)
 .ARM.attributes
                0x000006fe       0x22 c:/program files (x86)/atollic/truestudio for stm32 9.0.0/armtools/bin/../lib/gcc/arm-atollic-eabi/6.3.1/armv7e-m/fpu/crtn.o
OUTPUT(HID_Keyboard_Device.elf elf32-littlearm)

.debug_info     0x00000000    0x17846
 .debug_info    0x00000000     0x123e Drivers\STM32F4xx_HAL_Driver\Src\stm32f4xx_hal.o
 .debug_info    0x0000123e     0x1762 Drivers\STM32F4xx_HAL_Driver\Src\stm32f4xx_hal_cortex.o
 .debug_info    0x000029a0      0xfd6 Drivers\STM32F4xx_HAL_Driver\Src\stm32f4xx_hal_gpio.o
 .debug_info    0x00003976     0x1d9e Drivers\STM32F4xx_HAL_Driver\Src\stm32f4xx_hal_pcd.o
 .debug_info    0x00005714      0xf59 Drivers\STM32F4xx_HAL_Driver\Src\stm32f4xx_hal_pcd_ex.o
 .debug_info    0x0000666d     0x12a9 Drivers\STM32F4xx_HAL_Driver\Src\stm32f4xx_hal_rcc.o
 .debug_info    0x00007916     0x13fa Drivers\STM32F4xx_HAL_Driver\Src\stm32f4xx_hal_rcc_ex.o
 .debug_info    0x00008d10     0x1fb7 Drivers\STM32F4xx_HAL_Driver\Src\stm32f4xx_ll_usb.o
 .debug_info    0x0000acc7     0x115b Middlewares\ST\STM32_USB_Device_Library\Class\HID\Src\usbd_hid.o
 .debug_info    0x0000be22     0x1472 Middlewares\ST\STM32_USB_Device_Library\Core\Src\usbd_core.o
 .debug_info    0x0000d294     0x14a5 Middlewares\ST\STM32_USB_Device_Library\Core\Src\usbd_ctlreq.o
 .debug_info    0x0000e739      0xfd1 Middlewares\ST\STM32_USB_Device_Library\Core\Src\usbd_ioreq.o
 .debug_info    0x0000f70a     0x189f Src\main.o
 .debug_info    0x00010fa9      0xc7f Src\stm32f4xx_hal_msp.o
 .debug_info    0x00011c28      0xe96 Src\stm32f4xx_it.o
 .debug_info    0x00012abe      0xd50 Src\system_stm32f4xx.o
 .debug_info    0x0001380e      0xdba Src\usb_device.o
 .debug_info    0x000145c8     0x2417 Src\usbd_conf.o
 .debug_info    0x000169df      0xde7 Src\usbd_desc.o
 .debug_info    0x000177c6       0x80 startup\startup_stm32f446xx.o

.debug_abbrev   0x00000000     0x334e
 .debug_abbrev  0x00000000      0x308 Drivers\STM32F4xx_HAL_Driver\Src\stm32f4xx_hal.o
 .debug_abbrev  0x00000308      0x399 Drivers\STM32F4xx_HAL_Driver\Src\stm32f4xx_hal_cortex.o
 .debug_abbrev  0x000006a1      0x268 Drivers\STM32F4xx_HAL_Driver\Src\stm32f4xx_hal_gpio.o
 .debug_abbrev  0x00000909      0x3a8 Drivers\STM32F4xx_HAL_Driver\Src\stm32f4xx_hal_pcd.o
 .debug_abbrev  0x00000cb1      0x24b Drivers\STM32F4xx_HAL_Driver\Src\stm32f4xx_hal_pcd_ex.o
 .debug_abbrev  0x00000efc      0x353 Drivers\STM32F4xx_HAL_Driver\Src\stm32f4xx_hal_rcc.o
 .debug_abbrev  0x0000124f      0x295 Drivers\STM32F4xx_HAL_Driver\Src\stm32f4xx_hal_rcc_ex.o
 .debug_abbrev  0x000014e4      0x380 Drivers\STM32F4xx_HAL_Driver\Src\stm32f4xx_ll_usb.o
 .debug_abbrev  0x00001864      0x273 Middlewares\ST\STM32_USB_Device_Library\Class\HID\Src\usbd_hid.o
 .debug_abbrev  0x00001ad7      0x308 Middlewares\ST\STM32_USB_Device_Library\Core\Src\usbd_core.o
 .debug_abbrev  0x00001ddf      0x3aa Middlewares\ST\STM32_USB_Device_Library\Core\Src\usbd_ctlreq.o
 .debug_abbrev  0x00002189      0x1da Middlewares\ST\STM32_USB_Device_Library\Core\Src\usbd_ioreq.o
 .debug_abbrev  0x00002363      0x2cf Src\main.o
 .debug_abbrev  0x00002632      0x1d3 Src\stm32f4xx_hal_msp.o
 .debug_abbrev  0x00002805      0x23e Src\stm32f4xx_it.o
 .debug_abbrev  0x00002a43      0x1ca Src\system_stm32f4xx.o
 .debug_abbrev  0x00002c0d      0x1d7 Src\usb_device.o
 .debug_abbrev  0x00002de4      0x2f7 Src\usbd_conf.o
 .debug_abbrev  0x000030db      0x261 Src\usbd_desc.o
 .debug_abbrev  0x0000333c       0x12 startup\startup_stm32f446xx.o

.debug_loc      0x00000000     0x5bdd
 .debug_loc     0x00000000      0x11b Drivers\STM32F4xx_HAL_Driver\Src\stm32f4xx_hal.o
 .debug_loc     0x0000011b      0x4fb Drivers\STM32F4xx_HAL_Driver\Src\stm32f4xx_hal_cortex.o
 .debug_loc     0x00000616      0x3cd Drivers\STM32F4xx_HAL_Driver\Src\stm32f4xx_hal_gpio.o
 .debug_loc     0x000009e3      0xb60 Drivers\STM32F4xx_HAL_Driver\Src\stm32f4xx_hal_pcd.o
 .debug_loc     0x00001543      0x157 Drivers\STM32F4xx_HAL_Driver\Src\stm32f4xx_hal_pcd_ex.o
 .debug_loc     0x0000169a      0x336 Drivers\STM32F4xx_HAL_Driver\Src\stm32f4xx_hal_rcc.o
 .debug_loc     0x000019d0      0xa31 Drivers\STM32F4xx_HAL_Driver\Src\stm32f4xx_hal_rcc_ex.o
 .debug_loc     0x00002401     0x163e Drivers\STM32F4xx_HAL_Driver\Src\stm32f4xx_ll_usb.o
 .debug_loc     0x00003a3f      0x40e Middlewares\ST\STM32_USB_Device_Library\Class\HID\Src\usbd_hid.o
 .debug_loc     0x00003e4d      0x5f2 Middlewares\ST\STM32_USB_Device_Library\Core\Src\usbd_core.o
 .debug_loc     0x0000443f      0x7cd Middlewares\ST\STM32_USB_Device_Library\Core\Src\usbd_ctlreq.o
 .debug_loc     0x00004c0c      0x23c Middlewares\ST\STM32_USB_Device_Library\Core\Src\usbd_ioreq.o
 .debug_loc     0x00004e48      0x11c Src\system_stm32f4xx.o
 .debug_loc     0x00004f64      0x9e5 Src\usbd_conf.o
 .debug_loc     0x00005949      0x294 Src\usbd_desc.o

.debug_aranges  0x00000000      0x958
 .debug_aranges
                0x00000000       0xd8 Drivers\STM32F4xx_HAL_Driver\Src\stm32f4xx_hal.o
 .debug_aranges
                0x000000d8       0xa8 Drivers\STM32F4xx_HAL_Driver\Src\stm32f4xx_hal_cortex.o
 .debug_aranges
                0x00000180       0x58 Drivers\STM32F4xx_HAL_Driver\Src\stm32f4xx_hal_gpio.o
 .debug_aranges
                0x000001d8       0xc0 Drivers\STM32F4xx_HAL_Driver\Src\stm32f4xx_hal_pcd.o
 .debug_aranges
                0x00000298       0x40 Drivers\STM32F4xx_HAL_Driver\Src\stm32f4xx_hal_pcd_ex.o
 .debug_aranges
                0x000002d8       0x88 Drivers\STM32F4xx_HAL_Driver\Src\stm32f4xx_hal_rcc.o
 .debug_aranges
                0x00000360       0x78 Drivers\STM32F4xx_HAL_Driver\Src\stm32f4xx_hal_rcc_ex.o
 .debug_aranges
                0x000003d8      0x178 Drivers\STM32F4xx_HAL_Driver\Src\stm32f4xx_ll_usb.o
 .debug_aranges
                0x00000550       0x58 Middlewares\ST\STM32_USB_Device_Library\Class\HID\Src\usbd_hid.o
 .debug_aranges
                0x000005a8       0xa8 Middlewares\ST\STM32_USB_Device_Library\Core\Src\usbd_core.o
 .debug_aranges
                0x00000650       0x50 Middlewares\ST\STM32_USB_Device_Library\Core\Src\usbd_ctlreq.o
 .debug_aranges
                0x000006a0       0x50 Middlewares\ST\STM32_USB_Device_Library\Core\Src\usbd_ioreq.o
 .debug_aranges
                0x000006f0       0x30 Src\main.o
 .debug_aranges
                0x00000720       0x20 Src\stm32f4xx_hal_msp.o
 .debug_aranges
                0x00000740       0x50 Src\stm32f4xx_it.o
 .debug_aranges
                0x00000790       0x28 Src\system_stm32f4xx.o
 .debug_aranges
                0x000007b8       0x20 Src\usb_device.o
 .debug_aranges
                0x000007d8      0x100 Src\usbd_conf.o
 .debug_aranges
                0x000008d8       0x58 Src\usbd_desc.o
 .debug_aranges
                0x00000930       0x28 startup\startup_stm32f446xx.o

.debug_ranges   0x00000000      0xa50
 .debug_ranges  0x00000000       0xc8 Drivers\STM32F4xx_HAL_Driver\Src\stm32f4xx_hal.o
 .debug_ranges  0x000000c8      0x138 Drivers\STM32F4xx_HAL_Driver\Src\stm32f4xx_hal_cortex.o
 .debug_ranges  0x00000200       0x68 Drivers\STM32F4xx_HAL_Driver\Src\stm32f4xx_hal_gpio.o
 .debug_ranges  0x00000268       0xc8 Drivers\STM32F4xx_HAL_Driver\Src\stm32f4xx_hal_pcd.o
 .debug_ranges  0x00000330       0x30 Drivers\STM32F4xx_HAL_Driver\Src\stm32f4xx_hal_pcd_ex.o
 .debug_ranges  0x00000360       0xb0 Drivers\STM32F4xx_HAL_Driver\Src\stm32f4xx_hal_rcc.o
 .debug_ranges  0x00000410       0x80 Drivers\STM32F4xx_HAL_Driver\Src\stm32f4xx_hal_rcc_ex.o
 .debug_ranges  0x00000490      0x180 Drivers\STM32F4xx_HAL_Driver\Src\stm32f4xx_ll_usb.o
 .debug_ranges  0x00000610       0x48 Middlewares\ST\STM32_USB_Device_Library\Class\HID\Src\usbd_hid.o
 .debug_ranges  0x00000658       0x98 Middlewares\ST\STM32_USB_Device_Library\Core\Src\usbd_core.o
 .debug_ranges  0x000006f0       0xc0 Middlewares\ST\STM32_USB_Device_Library\Core\Src\usbd_ctlreq.o
 .debug_ranges  0x000007b0       0x40 Middlewares\ST\STM32_USB_Device_Library\Core\Src\usbd_ioreq.o
 .debug_ranges  0x000007f0       0x78 Src\main.o
 .debug_ranges  0x00000868       0x10 Src\stm32f4xx_hal_msp.o
 .debug_ranges  0x00000878       0x40 Src\stm32f4xx_it.o
 .debug_ranges  0x000008b8       0x18 Src\system_stm32f4xx.o
 .debug_ranges  0x000008d0       0x10 Src\usb_device.o
 .debug_ranges  0x000008e0      0x108 Src\usbd_conf.o
 .debug_ranges  0x000009e8       0x48 Src\usbd_desc.o
 .debug_ranges  0x00000a30       0x20 startup\startup_stm32f446xx.o

.debug_line     0x00000000     0x5a14
 .debug_line    0x00000000      0x492 Drivers\STM32F4xx_HAL_Driver\Src\stm32f4xx_hal.o
 .debug_line    0x00000492      0x4dc Drivers\STM32F4xx_HAL_Driver\Src\stm32f4xx_hal_cortex.o
 .debug_line    0x0000096e      0x475 Drivers\STM32F4xx_HAL_Driver\Src\stm32f4xx_hal_gpio.o
 .debug_line    0x00000de3      0x772 Drivers\STM32F4xx_HAL_Driver\Src\stm32f4xx_hal_pcd.o
 .debug_line    0x00001555      0x367 Drivers\STM32F4xx_HAL_Driver\Src\stm32f4xx_hal_pcd_ex.o
 .debug_line    0x000018bc      0x58b Drivers\STM32F4xx_HAL_Driver\Src\stm32f4xx_hal_rcc.o
 .debug_line    0x00001e47      0x78a Drivers\STM32F4xx_HAL_Driver\Src\stm32f4xx_hal_rcc_ex.o
 .debug_line    0x000025d1      0x8e6 Drivers\STM32F4xx_HAL_Driver\Src\stm32f4xx_ll_usb.o
 .debug_line    0x00002eb7      0x453 Middlewares\ST\STM32_USB_Device_Library\Class\HID\Src\usbd_hid.o
 .debug_line    0x0000330a      0x4f4 Middlewares\ST\STM32_USB_Device_Library\Core\Src\usbd_core.o
 .debug_line    0x000037fe      0x473 Middlewares\ST\STM32_USB_Device_Library\Core\Src\usbd_ctlreq.o
 .debug_line    0x00003c71      0x38a Middlewares\ST\STM32_USB_Device_Library\Core\Src\usbd_ioreq.o
 .debug_line    0x00003ffb      0x46f Src\main.o
 .debug_line    0x0000446a      0x289 Src\stm32f4xx_hal_msp.o
 .debug_line    0x000046f3      0x337 Src\stm32f4xx_it.o
 .debug_line    0x00004a2a      0x275 Src\system_stm32f4xx.o
 .debug_line    0x00004c9f      0x355 Src\usb_device.o
 .debug_line    0x00004ff4      0x627 Src\usbd_conf.o
 .debug_line    0x0000561b      0x37a Src\usbd_desc.o
 .debug_line    0x00005995       0x7f startup\startup_stm32f446xx.o

.debug_str      0x00000000     0x3732
 .debug_str     0x00000000      0xf68 Drivers\STM32F4xx_HAL_Driver\Src\stm32f4xx_hal.o
                               0x1028 (size before relaxing)
 .debug_str     0x00000f68      0x3d6 Drivers\STM32F4xx_HAL_Driver\Src\stm32f4xx_hal_cortex.o
                               0x10da (size before relaxing)
 .debug_str     0x0000133e      0x1d8 Drivers\STM32F4xx_HAL_Driver\Src\stm32f4xx_hal_gpio.o
                                0x994 (size before relaxing)
 .debug_str     0x00001516      0xaad Drivers\STM32F4xx_HAL_Driver\Src\stm32f4xx_hal_pcd.o
                               0x1155 (size before relaxing)
 .debug_str     0x00001fc3       0x9d Drivers\STM32F4xx_HAL_Driver\Src\stm32f4xx_hal_pcd_ex.o
                                0xb0d (size before relaxing)
 .debug_str     0x00002060      0x2da Drivers\STM32F4xx_HAL_Driver\Src\stm32f4xx_hal_rcc.o
                                0xb6c (size before relaxing)
 .debug_str     0x0000233a      0x347 Drivers\STM32F4xx_HAL_Driver\Src\stm32f4xx_hal_rcc_ex.o
                                0xc6f (size before relaxing)
 .debug_str     0x00002681      0x3bb Drivers\STM32F4xx_HAL_Driver\Src\stm32f4xx_ll_usb.o
                               0x1058 (size before relaxing)
 .debug_str     0x00002a3c      0x56d Middlewares\ST\STM32_USB_Device_Library\Class\HID\Src\usbd_hid.o
                                0xc31 (size before relaxing)
 .debug_str     0x00002fa9      0x2b7 Middlewares\ST\STM32_USB_Device_Library\Core\Src\usbd_core.o
                                0xcdb (size before relaxing)
 .debug_str     0x00003260      0x112 Middlewares\ST\STM32_USB_Device_Library\Core\Src\usbd_ctlreq.o
                                0xbf5 (size before relaxing)
 .debug_str     0x00003372       0x79 Middlewares\ST\STM32_USB_Device_Library\Core\Src\usbd_ioreq.o
                                0xb22 (size before relaxing)
 .debug_str     0x000033eb       0x82 Src\main.o
                               0x150b (size before relaxing)
 .debug_str     0x0000346d       0x1b Src\stm32f4xx_hal_msp.o
                                0xbb5 (size before relaxing)
 .debug_str     0x00003488       0xc8 Src\stm32f4xx_it.o
                                0xac7 (size before relaxing)
 .debug_str     0x00003550       0x45 Src\system_stm32f4xx.o
                                0x7f8 (size before relaxing)
 .debug_str     0x00003595       0x14 Src\usb_device.o
                                0xa47 (size before relaxing)
 .debug_str     0x000035a9       0x51 Src\usbd_conf.o
                               0x1a5b (size before relaxing)
 .debug_str     0x000035fa      0x138 Src\usbd_desc.o
                                0x8c0 (size before relaxing)

.comment        0x00000000       0x7c
 .comment       0x00000000       0x7c Drivers\STM32F4xx_HAL_Driver\Src\stm32f4xx_hal.o
                                 0x7d (size before relaxing)
 .comment       0x0000007c       0x7d Drivers\STM32F4xx_HAL_Driver\Src\stm32f4xx_hal_cortex.o
 .comment       0x0000007c       0x7d Drivers\STM32F4xx_HAL_Driver\Src\stm32f4xx_hal_gpio.o
 .comment       0x0000007c       0x7d Drivers\STM32F4xx_HAL_Driver\Src\stm32f4xx_hal_pcd.o
 .comment       0x0000007c       0x7d Drivers\STM32F4xx_HAL_Driver\Src\stm32f4xx_hal_pcd_ex.o
 .comment       0x0000007c       0x7d Drivers\STM32F4xx_HAL_Driver\Src\stm32f4xx_hal_rcc.o
 .comment       0x0000007c       0x7d Drivers\STM32F4xx_HAL_Driver\Src\stm32f4xx_hal_rcc_ex.o
 .comment       0x0000007c       0x7d Drivers\STM32F4xx_HAL_Driver\Src\stm32f4xx_ll_usb.o
 .comment       0x0000007c       0x7d Middlewares\ST\STM32_USB_Device_Library\Class\HID\Src\usbd_hid.o
 .comment       0x0000007c       0x7d Middlewares\ST\STM32_USB_Device_Library\Core\Src\usbd_core.o
 .comment       0x0000007c       0x7d Middlewares\ST\STM32_USB_Device_Library\Core\Src\usbd_ctlreq.o
 .comment       0x0000007c       0x7d Middlewares\ST\STM32_USB_Device_Library\Core\Src\usbd_ioreq.o
 .comment       0x0000007c       0x7d Src\main.o
 .comment       0x0000007c       0x7d Src\stm32f4xx_hal_msp.o
 .comment       0x0000007c       0x7d Src\stm32f4xx_it.o
 .comment       0x0000007c       0x7d Src\system_stm32f4xx.o
 .comment       0x0000007c       0x7d Src\usb_device.o
 .comment       0x0000007c       0x7d Src\usbd_conf.o
 .comment       0x0000007c       0x7d Src\usbd_desc.o

.debug_frame    0x00000000     0x1904
 .debug_frame   0x00000000      0x1d0 Drivers\STM32F4xx_HAL_Driver\Src\stm32f4xx_hal.o
 .debug_frame   0x000001d0      0x158 Drivers\STM32F4xx_HAL_Driver\Src\stm32f4xx_hal_cortex.o
 .debug_frame   0x00000328       0xd8 Drivers\STM32F4xx_HAL_Driver\Src\stm32f4xx_hal_gpio.o
 .debug_frame   0x00000400      0x2c4 Drivers\STM32F4xx_HAL_Driver\Src\stm32f4xx_hal_pcd.o
 .debug_frame   0x000006c4       0x6c Drivers\STM32F4xx_HAL_Driver\Src\stm32f4xx_hal_pcd_ex.o
 .debug_frame   0x00000730      0x13c Drivers\STM32F4xx_HAL_Driver\Src\stm32f4xx_hal_rcc.o
 .debug_frame   0x0000086c      0x150 Drivers\STM32F4xx_HAL_Driver\Src\stm32f4xx_hal_rcc_ex.o
 .debug_frame   0x000009bc      0x468 Drivers\STM32F4xx_HAL_Driver\Src\stm32f4xx_ll_usb.o
 .debug_frame   0x00000e24       0xb4 Middlewares\ST\STM32_USB_Device_Library\Class\HID\Src\usbd_hid.o
 .debug_frame   0x00000ed8      0x1c0 Middlewares\ST\STM32_USB_Device_Library\Core\Src\usbd_core.o
 .debug_frame   0x00001098       0xcc Middlewares\ST\STM32_USB_Device_Library\Core\Src\usbd_ctlreq.o
 .debug_frame   0x00001164       0xb8 Middlewares\ST\STM32_USB_Device_Library\Core\Src\usbd_ioreq.o
 .debug_frame   0x0000121c       0x60 Src\main.o
 .debug_frame   0x0000127c       0x2c Src\stm32f4xx_hal_msp.o
 .debug_frame   0x000012a8       0xbc Src\stm32f4xx_it.o
 .debug_frame   0x00001364       0x38 Src\system_stm32f4xx.o
 .debug_frame   0x0000139c       0x2c Src\usb_device.o
 .debug_frame   0x000013c8      0x28c Src\usbd_conf.o
 .debug_frame   0x00001654       0xb8 Src\usbd_desc.o
 .debug_frame   0x0000170c       0x2c c:/program files (x86)/atollic/truestudio for stm32 9.0.0/armtools/bin/../lib/gcc/arm-atollic-eabi/6.3.1/../../../../arm-atollic-eabi/lib/armv7e-m/fpu\libc_nano.a(lib_a-init.o)
 .debug_frame   0x00001738       0x30 c:/program files (x86)/atollic/truestudio for stm32 9.0.0/armtools/bin/../lib/gcc/arm-atollic-eabi/6.3.1/../../../../arm-atollic-eabi/lib/armv7e-m/fpu\libc_nano.a(lib_a-malloc.o)
 .debug_frame   0x00001768       0x38 c:/program files (x86)/atollic/truestudio for stm32 9.0.0/armtools/bin/../lib/gcc/arm-atollic-eabi/6.3.1/../../../../arm-atollic-eabi/lib/armv7e-m/fpu\libc_nano.a(lib_a-nano-freer.o)
 .debug_frame   0x000017a0       0x2c c:/program files (x86)/atollic/truestudio for stm32 9.0.0/armtools/bin/../lib/gcc/arm-atollic-eabi/6.3.1/../../../../arm-atollic-eabi/lib/armv7e-m/fpu\libc_nano.a(lib_a-nano-mallocr.o)
 .debug_frame   0x000017cc       0x2c c:/program files (x86)/atollic/truestudio for stm32 9.0.0/armtools/bin/../lib/gcc/arm-atollic-eabi/6.3.1/../../../../arm-atollic-eabi/lib/armv7e-m/fpu\libc_nano.a(lib_a-sbrkr.o)
 .debug_frame   0x000017f8       0x30 c:/program files (x86)/atollic/truestudio for stm32 9.0.0/armtools/bin/../lib/gcc/arm-atollic-eabi/6.3.1/../../../../arm-atollic-eabi/lib/armv7e-m/fpu\libc_nano.a(lib_a-mlock.o)
 .debug_frame   0x00001828       0x5c c:/program files (x86)/atollic/truestudio for stm32 9.0.0/armtools/bin/../lib/gcc/arm-atollic-eabi/6.3.1/../../../../arm-atollic-eabi/lib/armv7e-m/fpu\libc_nano.a(lib_a-reent.o)
 .debug_frame   0x00001884       0x2c c:/program files (x86)/atollic/truestudio for stm32 9.0.0/armtools/bin/../lib/gcc/arm-atollic-eabi/6.3.1/armv7e-m/fpu\libgcc.a(_aeabi_uldivmod.o)
 .debug_frame   0x000018b0       0x34 c:/program files (x86)/atollic/truestudio for stm32 9.0.0/armtools/bin/../lib/gcc/arm-atollic-eabi/6.3.1/armv7e-m/fpu\libgcc.a(_udivmoddi4.o)
 .debug_frame   0x000018e4       0x20 c:/program files (x86)/atollic/truestudio for stm32 9.0.0/armtools/bin/../lib/gcc/arm-atollic-eabi/6.3.1/../../../../arm-atollic-eabi/lib/armv7e-m/fpu\libnosys.a(sbrk.o)
